--- Testing Dynamic Re-allocation ---
Resetting slots...
Logging in as test@example.com...
User not found, signing up...
Saving vehicle...
Creating reservation for A1...
{'end_time': '2026-03-04 22:00', 'reservation_id': 15, 'slot': 'A1', 'start_time': '2026-03-04 20:00'}

Simulating vision system blocking A1...
Block result: {'message': 'Slot blocked; reservation moved', 'new_slot': 'A2'}

Checking notifications...
Latest Notification: Reservation Confirmed
Message: Your slot A1 has been reserved from 2026-03-04 20:00 to 2026-03-04 22:00.

Checking slot status...
Available (non-blocked) slots in UI: ['A2', 'A3', 'A4', 'A5', 'A6', 'A7', 'A8', 'A9', 'A10', 'A11', 'A12']
